First import ``say_my_name`` from the ``say_my_name`` module:

	>>> say_my_name = __import__('3-say_my_name').say_my_name

# Test cases for say_my_name function.

# Test case 1
>>> say_my_name("John", "Smith")
My name is John Smith

# Test case 2
>>> say_my_name("Walter", "White")
My name is Walter White

# Test case 3
 say_my_name("", "")
My name is

# Test case 4 - First name is not a string
>>> say_my_name(12, "White")
Traceback (most recent call last):
    ...
TypeError: first_name must be a string

# Test case 5 - Last name is not a string
>>> say_my_name("John", 42)
Traceback (most recent call last):
    ...
TypeError: last_name must be a string

# Test case 6 - None
>> say_my_name(None)
Traceback (most recent call last):
    ...
TypeError: first_name must be a string

# Test case 7 - Missing
>>> say_my_name()
Traceback (most recent call last):
    ...
TypeError: say_my_name() missing 1 required positional argument: 'first_name'
